../Drivers/STM32F4xx_HAL_Driver/Src/stm32f4xx_hal_i2s_ex.c:943:13:I2SEx_TxRxDMAError	4	static
../Drivers/STM32F4xx_HAL_Driver/Src/stm32f4xx_hal_i2s_ex.c:201:19:HAL_I2SEx_TransmitReceive	72	static
../Drivers/STM32F4xx_HAL_Driver/Src/stm32f4xx_hal_i2s_ex.c:419:19:HAL_I2SEx_TransmitReceive_IT	8	static
../Drivers/STM32F4xx_HAL_Driver/Src/stm32f4xx_hal_i2s_ex.c:529:19:HAL_I2SEx_TransmitReceive_DMA	32	static
../Drivers/STM32F4xx_HAL_Driver/Src/stm32f4xx_hal_i2s_ex.c:811:13:HAL_I2SEx_TxRxHalfCpltCallback	0	static
../Drivers/STM32F4xx_HAL_Driver/Src/stm32f4xx_hal_i2s_ex.c:854:13:I2SEx_TxRxDMAHalfCplt	8	static
../Drivers/STM32F4xx_HAL_Driver/Src/stm32f4xx_hal_i2s_ex.c:826:13:HAL_I2SEx_TxRxCpltCallback	0	static
../Drivers/STM32F4xx_HAL_Driver/Src/stm32f4xx_hal_i2s_ex.c:872:13:I2SEx_TxRxDMACplt	16	static
../Drivers/STM32F4xx_HAL_Driver/Src/stm32f4xx_hal_i2s_ex.c:665:6:HAL_I2SEx_FullDuplex_IRQHandler	32	static
